[2026-06-06 20:02:48 +0000] [1] [INFO] Starting gunicorn 26.0.0
[2026-06-06 20:02:48 +0000] [1] [INFO] Listening at: http://0.0.0.0:5000 (1)
[2026-06-06 20:02:48 +0000] [1] [INFO] Using worker: sync
[2026-06-06 20:02:48 +0000] [7] [INFO] Booting worker with pid: 7
[2026-06-06 20:02:48 +0000] [8] [INFO] Booting worker with pid: 8
[2026-06-06 20:02:48 +0000] [9] [INFO] Booting worker with pid: 9
[2026-06-06 20:02:48 +0000] [10] [INFO] Booting worker with pid: 10
[2026-06-06 20:02:49 +0000] [1] [INFO] Control socket listening at /root/.gunicorn/gunicorn.ctl
[2026-06-06 20:09:25 +0000] [1] [INFO] Handling signal: term
[2026-06-06 20:09:25 +0000] [10] [INFO] Worker exiting (pid: 10)
[2026-06-06 20:09:25 +0000] [7] [INFO] Worker exiting (pid: 7)
[2026-06-06 20:09:25 +0000] [9] [INFO] Worker exiting (pid: 9)
[2026-06-06 20:09:25 +0000] [8] [INFO] Worker exiting (pid: 8)
[2026-06-06 20:09:25 +0000] [1] [INFO] Shutting down: Master
[2026-06-10 19:02:58 +0000] [1] [INFO] Starting gunicorn 26.0.0
[2026-06-10 19:02:58 +0000] [1] [INFO] Listening at: http://0.0.0.0:5000 (1)
[2026-06-10 19:02:58 +0000] [1] [INFO] Using worker: sync
[2026-06-10 19:02:58 +0000] [7] [INFO] Booting worker with pid: 7
[2026-06-10 19:02:58 +0000] [8] [INFO] Booting worker with pid: 8
[2026-06-10 19:02:58 +0000] [9] [INFO] Booting worker with pid: 9
[2026-06-10 19:02:58 +0000] [10] [INFO] Booting worker with pid: 10
[2026-06-10 19:02:58 +0000] [1] [INFO] Control socket listening at /root/.gunicorn/gunicorn.ctl
[2026-06-10 19:31:31 +0000] [1] [INFO] Handling signal: term
[2026-06-10 19:31:31 +0000] [8] [INFO] Worker exiting (pid: 8)
[2026-06-10 19:31:31 +0000] [9] [INFO] Worker exiting (pid: 9)
[2026-06-10 19:31:31 +0000] [7] [INFO] Worker exiting (pid: 7)
[2026-06-10 19:31:31 +0000] [10] [INFO] Worker exiting (pid: 10)
[2026-06-10 19:31:31 +0000] [1] [INFO] Shutting down: Master
[2026-06-10 19:31:32 +0000] [1] [INFO] Starting gunicorn 26.0.0
[2026-06-10 19:31:32 +0000] [1] [INFO] Listening at: http://0.0.0.0:5000 (1)
[2026-06-10 19:31:32 +0000] [1] [INFO] Using worker: sync
[2026-06-10 19:31:32 +0000] [7] [INFO] Booting worker with pid: 7
[2026-06-10 19:31:32 +0000] [8] [INFO] Booting worker with pid: 8
[2026-06-10 19:31:32 +0000] [9] [INFO] Booting worker with pid: 9
[2026-06-10 19:31:32 +0000] [10] [INFO] Booting worker with pid: 10
[2026-06-10 19:31:32 +0000] [1] [INFO] Control socket listening at /root/.gunicorn/gunicorn.ctl
[2026-06-10 19:32:32 +0000] [1] [INFO] Handling signal: term
[2026-06-10 19:32:32 +0000] [10] [INFO] Worker exiting (pid: 10)
[2026-06-10 19:32:32 +0000] [7] [INFO] Worker exiting (pid: 7)
[2026-06-10 19:32:32 +0000] [9] [INFO] Worker exiting (pid: 9)
[2026-06-10 19:32:32 +0000] [8] [INFO] Worker exiting (pid: 8)
[2026-06-10 19:32:32 +0000] [1] [INFO] Shutting down: Master
[2026-06-10 19:37:15 +0000] [1] [INFO] Starting gunicorn 26.0.0
[2026-06-10 19:37:15 +0000] [1] [INFO] Listening at: http://0.0.0.0:5000 (1)
[2026-06-10 19:37:15 +0000] [1] [INFO] Using worker: sync
[2026-06-10 19:37:15 +0000] [7] [INFO] Booting worker with pid: 7
[2026-06-10 19:37:15 +0000] [8] [INFO] Booting worker with pid: 8
[2026-06-10 19:37:15 +0000] [9] [INFO] Booting worker with pid: 9
[2026-06-10 19:37:15 +0000] [10] [INFO] Booting worker with pid: 10
[2026-06-10 19:37:15 +0000] [1] [INFO] Control socket listening at /root/.gunicorn/gunicorn.ctl
[2026-06-10 19:38:20 +0000] [1] [INFO] Handling signal: term
[2026-06-10 19:38:20 +0000] [8] [INFO] Worker exiting (pid: 8)
[2026-06-10 19:38:20 +0000] [7] [INFO] Worker exiting (pid: 7)
[2026-06-10 19:38:20 +0000] [10] [INFO] Worker exiting (pid: 10)
[2026-06-10 19:38:20 +0000] [9] [INFO] Worker exiting (pid: 9)
[2026-06-10 19:38:20 +0000] [1] [INFO] Shutting down: Master
